15 27 4
33 3
18 38 21
31 34 29 8 10 45 40 39 14 2 35 28 36 22

17
6 25

9 23 5 32
1 43
24 11 26
