
3
36
85 131 74 154 22


163 148 28 178 173 76
32 53
103 180 31 125
97
34 177 48 52 134 24 170 174 10
152
25
58 114 155 15 79
160 12 157 49 73

43

1
192 167 27
47 120
18
56 9 50

119 150
14
20

2 82


11 5 171
179 146
166 109
51 153
137 86

156



40 169 181

45 95 162 161 69 77



64 16
175

81



61 88
110 39 4 107 101 112 189 141 98 19 126
17 191 21 38 149 92

130 7 140 143 142
182 55 116 183
151 75

65
106
123
100 70 89 165
121




87
168 104 164 78
193 23 99
129 46 13
83
8 184 132 80 102
84 118

29
108
190
147


33 44 115 66
159 41
158
90 26 127 71 94 30 6 42 59 111
122 128
35

57 113 136
37 117 63 135
72


91

68 124

185
187 172 186 176

144

54 133 105 96
