15724
19169
153
32391
5447
21726
5705
29358
491
32391
153
32391
4827
11942
491
29358
292
28703
153
21726
153
32391
153
32391
153
32391
153
32391
491
32391
0
32391
153
32391
